
> product-sentiment-analyzer@1.0.0 build
> react-scripts build

